// Vitest Snapshot v1, https://vitest.dev/guide/snapshot.html

exports[`Switch component test > Switch mounts 1`] = `
VueWrapper {
  "__app": {
    "_component": {
      "name": "VTU_ROOT",
      "render": [Function],
      "setup": [Function],
    },
    "_container": <div
      data-v-app=""
    >
      <div
        class="toggle-switch"
      >
        <label
          class="toggle-label"
          for="loremId"
        >
          Lorem Label 
          <input
            class="toggle-input"
            id="loremId"
            type="checkbox"
          />
        </label>
      </div>
    </div>,
    "_context": {
      "app": [Circular],
      "components": {
        "transition": {
          "name": "transition",
        },
        "transition-group": {
          "name": "transition-group",
        },
      },
      "config": {
        "compilerOptions": {},
        "errorHandler": undefined,
        "globalProperties": {},
        "isNativeTag": [Function],
        "optionMergeStrategies": {},
        "performance": false,
        "warnHandler": undefined,
      },
      "directives": {},
      "emitsCache": WeakMap {},
      "mixins": [
        {
          "beforeCreate": [Function],
        },
      ],
      "optionsCache": WeakMap {},
      "propsCache": WeakMap {},
      "provides": {},
      "reload": [Function],
    },
    "_instance": {
      "a": null,
      "accessCache": {},
      "appContext": {
        "app": [Circular],
        "components": {
          "transition": {
            "name": "transition",
          },
          "transition-group": {
            "name": "transition-group",
          },
        },
        "config": {
          "compilerOptions": {},
          "errorHandler": undefined,
          "globalProperties": {},
          "isNativeTag": [Function],
          "optionMergeStrategies": {},
          "performance": false,
          "warnHandler": undefined,
        },
        "directives": {},
        "emitsCache": WeakMap {},
        "mixins": [
          {
            "beforeCreate": [Function],
          },
        ],
        "optionsCache": WeakMap {},
        "propsCache": WeakMap {},
        "provides": {},
        "reload": [Function],
      },
      "asyncDep": null,
      "asyncResolved": false,
      "attrs": {},
      "attrsProxy": null,
      "bc": null,
      "bm": null,
      "bu": null,
      "bum": null,
      "c": null,
      "components": null,
      "ctx": {
        "VTU_COMPONENT": {},
      },
      "da": null,
      "data": {},
      "devtoolsRawSetupState": {
        "VTU_COMPONENT": RefImpl {
          "__v_isRef": true,
          "__v_isShallow": false,
          "_rawValue": {},
          "_value": {},
          "dep": undefined,
        },
      },
      "directives": null,
      "ec": null,
      "effect": ReactiveEffect {
        "active": true,
        "allowRecurse": true,
        "deps": [
          Set {
            [Circular],
          },
          Set {
            [Circular],
          },
          Set {
            [Circular],
          },
          Set {
            [Circular],
          },
          Set {
            [Circular],
          },
          Set {
            [Circular],
          },
        ],
        "fn": [Function],
        "onTrack": undefined,
        "onTrigger": undefined,
        "parent": undefined,
        "scheduler": [Function],
      },
      "emit": [Function],
      "emitsOptions": null,
      "emitted": null,
      "exposeProxy": null,
      "exposed": null,
      "inheritAttrs": undefined,
      "isDeactivated": false,
      "isMounted": true,
      "isUnmounted": false,
      "m": null,
      "next": null,
      "parent": null,
      "props": {},
      "propsDefaults": {},
      "propsOptions": [
        {},
        [],
      ],
      "provides": {},
      "proxy": {
        "VTU_COMPONENT": {},
      },
      "refs": {
        "VTU_COMPONENT": {},
      },
      "render": [Function],
      "renderCache": [],
      "root": [Circular],
      "rtc": null,
      "rtg": null,
      "scope": EffectScope {
        "_active": true,
        "cleanups": [],
        "detached": true,
        "effects": [
          ReactiveEffect {
            "active": true,
            "allowRecurse": true,
            "deps": [
              Set {
                [Circular],
              },
              Set {
                [Circular],
              },
              Set {
                [Circular],
              },
              Set {
                [Circular],
              },
              Set {
                [Circular],
              },
              Set {
                [Circular],
              },
            ],
            "fn": [Function],
            "onTrack": undefined,
            "onTrigger": undefined,
            "parent": undefined,
            "scheduler": [Function],
          },
        ],
        "parent": undefined,
      },
      "setupContext": null,
      "setupState": {
        "VTU_COMPONENT": {},
      },
      "slots": {},
      "slotsProxy": null,
      "sp": null,
      "subTree": {
        "__v_isVNode": true,
        "__v_skip": true,
        "anchor": null,
        "appContext": null,
        "children": null,
        "component": {
          "a": null,
          "accessCache": {},
          "appContext": {
            "app": [Circular],
            "components": {
              "transition": {
                "name": "transition",
              },
              "transition-group": {
                "name": "transition-group",
              },
            },
            "config": {
              "compilerOptions": {},
              "errorHandler": undefined,
              "globalProperties": {},
              "isNativeTag": [Function],
              "optionMergeStrategies": {},
              "performance": false,
              "warnHandler": undefined,
            },
            "directives": {},
            "emitsCache": WeakMap {},
            "mixins": [
              {
                "beforeCreate": [Function],
              },
            ],
            "optionsCache": WeakMap {},
            "propsCache": WeakMap {},
            "provides": {},
            "reload": [Function],
          },
          "asyncDep": null,
          "asyncResolved": false,
          "attrs": {},
          "attrsProxy": null,
          "bc": null,
          "bm": null,
          "bu": null,
          "bum": null,
          "c": null,
          "components": {},
          "ctx": {
            "id": "loremId",
            "label": "Lorem Label",
            "modelValue": false,
          },
          "da": null,
          "data": {},
          "devtoolsRawSetupState": {
            "emit": [Function],
            "model": ComputedRefImpl {
              "__v_isReadonly": false,
              "__v_isRef": true,
              "_cacheable": true,
              "_dirty": false,
              "_setter": [Function],
              "_value": false,
              "dep": Set {
                ReactiveEffect {
                  "active": true,
                  "allowRecurse": true,
                  "deps": [
                    Set {
                      [Circular],
                    },
                    Set {
                      [Circular],
                    },
                    [Circular],
                  ],
                  "fn": [Function],
                  "onTrack": undefined,
                  "onTrigger": undefined,
                  "parent": undefined,
                  "scheduler": [Function],
                },
              },
              "effect": ReactiveEffect {
                "active": true,
                "computed": [Circular],
                "deps": [
                  Set {
                    [Circular],
                  },
                ],
                "fn": [Function],
                "parent": undefined,
                "scheduler": [Function],
              },
            },
            "props": {
              "id": "loremId",
              "label": "Lorem Label",
              "modelValue": false,
            },
          },
          "directives": null,
          "ec": null,
          "effect": ReactiveEffect {
            "active": true,
            "allowRecurse": true,
            "deps": [
              Set {
                [Circular],
              },
              Set {
                [Circular],
              },
              Set {
                [Circular],
              },
            ],
            "fn": [Function],
            "onTrack": undefined,
            "onTrigger": undefined,
            "parent": undefined,
            "scheduler": [Function],
          },
          "emit": [Function],
          "emitsOptions": {
            "update:modelValue": null,
          },
          "emitted": null,
          "exposeProxy": {},
          "exposed": {},
          "inheritAttrs": undefined,
          "isDeactivated": false,
          "isMounted": true,
          "isUnmounted": false,
          "m": null,
          "next": null,
          "parent": [Circular],
          "props": {
            "id": "loremId",
            "label": "Lorem Label",
            "modelValue": false,
          },
          "propsDefaults": {},
          "propsOptions": [
            {
              "id": {
                "0": false,
                "1": true,
                "default": "",
                "type": [Function],
              },
              "label": {
                "0": false,
                "1": true,
                "default": "",
                "type": [Function],
              },
              "modelValue": {
                "0": true,
                "1": true,
                "default": false,
                "type": [Function],
              },
            },
            [
              "modelValue",
              "label",
              "id",
            ],
          ],
          "provides": {},
          "proxy": {
            "id": "loremId",
            "label": "Lorem Label",
            "modelValue": false,
          },
          "refs": {},
          "render": [Function],
          "renderCache": [
            [Function],
          ],
          "root": [Circular],
          "rtc": null,
          "rtg": null,
          "scope": EffectScope {
            "_active": true,
            "cleanups": [],
            "detached": true,
            "effects": [
              ReactiveEffect {
                "active": true,
                "computed": ComputedRefImpl {
                  "__v_isReadonly": false,
                  "__v_isRef": true,
                  "_cacheable": true,
                  "_dirty": false,
                  "_setter": [Function],
                  "_value": false,
                  "dep": Set {
                    ReactiveEffect {
                      "active": true,
                      "allowRecurse": true,
                      "deps": [
                        Set {
                          [Circular],
                        },
                        Set {
                          [Circular],
                        },
                        [Circular],
                      ],
                      "fn": [Function],
                      "onTrack": undefined,
                      "onTrigger": undefined,
                      "parent": undefined,
                      "scheduler": [Function],
                    },
                  },
                  "effect": [Circular],
                },
                "deps": [
                  Set {
                    [Circular],
                  },
                ],
                "fn": [Function],
                "parent": undefined,
                "scheduler": [Function],
              },
              ReactiveEffect {
                "active": true,
                "allowRecurse": true,
                "deps": [
                  Set {
                    [Circular],
                  },
                  Set {
                    [Circular],
                  },
                  Set {
                    [Circular],
                  },
                ],
                "fn": [Function],
                "onTrack": undefined,
                "onTrigger": undefined,
                "parent": undefined,
                "scheduler": [Function],
              },
            ],
            "parent": undefined,
          },
          "setupContext": {
            "attrs": {},
            "emit": [Function],
            "expose": [Function],
            "slots": {},
          },
          "setupState": {
            "emit": [Function],
            "model": false,
            "props": {
              "id": "loremId",
              "label": "Lorem Label",
              "modelValue": false,
            },
          },
          "slots": {},
          "slotsProxy": {},
          "sp": null,
          "subTree": {
            "__v_isVNode": true,
            "__v_skip": true,
            "anchor": null,
            "appContext": null,
            "children": [
              {
                "__v_isVNode": true,
                "__v_skip": true,
                "anchor": null,
                "appContext": null,
                "children": [
                  {
                    "__v_isVNode": true,
                    "__v_skip": true,
                    "anchor": null,
                    "appContext": null,
                    "children": "Lorem Label ",
                    "component": null,
                    "ctx": [Circular],
                    "dirs": null,
                    "dynamicChildren": null,
                    "dynamicProps": null,
                    "el": Lorem Label ,
                    "key": null,
                    "patchFlag": 1,
                    "props": null,
                    "ref": null,
                    "scopeId": null,
                    "shapeFlag": 8,
                    "slotScopeIds": null,
                    "ssContent": null,
                    "ssFallback": null,
                    "staticCount": 0,
                    "suspense": null,
                    "target": null,
                    "targetAnchor": null,
                    "transition": null,
                    "type": Symbol(v-txt),
                  },
                  {
                    "__v_isVNode": true,
                    "__v_skip": true,
                    "anchor": null,
                    "appContext": null,
                    "children": null,
                    "component": null,
                    "ctx": [Circular],
                    "dirs": [
                      {
                        "arg": undefined,
                        "dir": {
                          "beforeUpdate": [Function],
                          "created": [Function],
                          "deep": true,
                          "getSSRProps": [Function],
                          "mounted": [Function],
                        },
                        "instance": {},
                        "modifiers": {},
                        "oldValue": undefined,
                        "value": false,
                      },
                    ],
                    "dynamicChildren": null,
                    "dynamicProps": [
                      "id",
                    ],
                    "el": <input
                      class="toggle-input"
                      id="loremId"
                      type="checkbox"
                    />,
                    "key": null,
                    "patchFlag": 8,
                    "props": {
                      "class": "toggle-input",
                      "id": "loremId",
                      "onUpdate:modelValue": [Function],
                      "type": "checkbox",
                    },
                    "ref": null,
                    "scopeId": null,
                    "shapeFlag": 1,
                    "slotScopeIds": null,
                    "ssContent": null,
                    "ssFallback": null,
                    "staticCount": 0,
                    "suspense": null,
                    "target": null,
                    "targetAnchor": null,
                    "transition": null,
                    "type": "input",
                  },
                ],
                "component": null,
                "ctx": [Circular],
                "dirs": null,
                "dynamicChildren": null,
                "dynamicProps": [
                  "for",
                ],
                "el": <label
                  class="toggle-label"
                  for="loremId"
                >
                  Lorem Label 
                  <input
                    class="toggle-input"
                    id="loremId"
                    type="checkbox"
                  />
                </label>,
                "key": null,
                "patchFlag": 8,
                "props": {
                  "class": "toggle-label",
                  "for": "loremId",
                },
                "ref": null,
                "scopeId": null,
                "shapeFlag": 17,
                "slotScopeIds": null,
                "ssContent": null,
                "ssFallback": null,
                "staticCount": 0,
                "suspense": null,
                "target": null,
                "targetAnchor": null,
                "transition": null,
                "type": "label",
              },
            ],
            "component": null,
            "ctx": [Circular],
            "dirs": null,
            "dynamicChildren": [
              {
                "__v_isVNode": true,
                "__v_skip": true,
                "anchor": null,
                "appContext": null,
                "children": "Lorem Label ",
                "component": null,
                "ctx": [Circular],
                "dirs": null,
                "dynamicChildren": null,
                "dynamicProps": null,
                "el": Lorem Label ,
                "key": null,
                "patchFlag": 1,
                "props": null,
                "ref": null,
                "scopeId": null,
                "shapeFlag": 8,
                "slotScopeIds": null,
                "ssContent": null,
                "ssFallback": null,
                "staticCount": 0,
                "suspense": null,
                "target": null,
                "targetAnchor": null,
                "transition": null,
                "type": Symbol(v-txt),
              },
              {
                "__v_isVNode": true,
                "__v_skip": true,
                "anchor": null,
                "appContext": null,
                "children": null,
                "component": null,
                "ctx": [Circular],
                "dirs": [
                  {
                    "arg": undefined,
                    "dir": {
                      "beforeUpdate": [Function],
                      "created": [Function],
                      "deep": true,
                      "getSSRProps": [Function],
                      "mounted": [Function],
                    },
                    "instance": {},
                    "modifiers": {},
                    "oldValue": undefined,
                    "value": false,
                  },
                ],
                "dynamicChildren": null,
                "dynamicProps": [
                  "id",
                ],
                "el": <input
                  class="toggle-input"
                  id="loremId"
                  type="checkbox"
                />,
                "key": null,
                "patchFlag": 8,
                "props": {
                  "class": "toggle-input",
                  "id": "loremId",
                  "onUpdate:modelValue": [Function],
                  "type": "checkbox",
                },
                "ref": null,
                "scopeId": null,
                "shapeFlag": 1,
                "slotScopeIds": null,
                "ssContent": null,
                "ssFallback": null,
                "staticCount": 0,
                "suspense": null,
                "target": null,
                "targetAnchor": null,
                "transition": null,
                "type": "input",
              },
              {
                "__v_isVNode": true,
                "__v_skip": true,
                "anchor": null,
                "appContext": null,
                "children": [
                  {
                    "__v_isVNode": true,
                    "__v_skip": true,
                    "anchor": null,
                    "appContext": null,
                    "children": "Lorem Label ",
                    "component": null,
                    "ctx": [Circular],
                    "dirs": null,
                    "dynamicChildren": null,
                    "dynamicProps": null,
                    "el": Lorem Label ,
                    "key": null,
                    "patchFlag": 1,
                    "props": null,
                    "ref": null,
                    "scopeId": null,
                    "shapeFlag": 8,
                    "slotScopeIds": null,
                    "ssContent": null,
                    "ssFallback": null,
                    "staticCount": 0,
                    "suspense": null,
                    "target": null,
                    "targetAnchor": null,
                    "transition": null,
                    "type": Symbol(v-txt),
                  },
                  {
                    "__v_isVNode": true,
                    "__v_skip": true,
                    "anchor": null,
                    "appContext": null,
                    "children": null,
                    "component": null,
                    "ctx": [Circular],
                    "dirs": [
                      {
                        "arg": undefined,
                        "dir": {
                          "beforeUpdate": [Function],
                          "created": [Function],
                          "deep": true,
                          "getSSRProps": [Function],
                          "mounted": [Function],
                        },
                        "instance": {},
                        "modifiers": {},
                        "oldValue": undefined,
                        "value": false,
                      },
                    ],
                    "dynamicChildren": null,
                    "dynamicProps": [
                      "id",
                    ],
                    "el": <input
                      class="toggle-input"
                      id="loremId"
                      type="checkbox"
                    />,
                    "key": null,
                    "patchFlag": 8,
                    "props": {
                      "class": "toggle-input",
                      "id": "loremId",
                      "onUpdate:modelValue": [Function],
                      "type": "checkbox",
                    },
                    "ref": null,
                    "scopeId": null,
                    "shapeFlag": 1,
                    "slotScopeIds": null,
                    "ssContent": null,
                    "ssFallback": null,
                    "staticCount": 0,
                    "suspense": null,
                    "target": null,
                    "targetAnchor": null,
                    "transition": null,
                    "type": "input",
                  },
                ],
                "component": null,
                "ctx": [Circular],
                "dirs": null,
                "dynamicChildren": null,
                "dynamicProps": [
                  "for",
                ],
                "el": <label
                  class="toggle-label"
                  for="loremId"
                >
                  Lorem Label 
                  <input
                    class="toggle-input"
                    id="loremId"
                    type="checkbox"
                  />
                </label>,
                "key": null,
                "patchFlag": 8,
                "props": {
                  "class": "toggle-label",
                  "for": "loremId",
                },
                "ref": null,
                "scopeId": null,
                "shapeFlag": 17,
                "slotScopeIds": null,
                "ssContent": null,
                "ssFallback": null,
                "staticCount": 0,
                "suspense": null,
                "target": null,
                "targetAnchor": null,
                "transition": null,
                "type": "label",
              },
            ],
            "dynamicProps": null,
            "el": <div
              class="toggle-switch"
            >
              <label
                class="toggle-label"
                for="loremId"
              >
                Lorem Label 
                <input
                  class="toggle-input"
                  id="loremId"
                  type="checkbox"
                />
              </label>
            </div>,
            "key": null,
            "patchFlag": 0,
            "props": {
              "class": "toggle-switch",
            },
            "ref": null,
            "scopeId": null,
            "shapeFlag": 17,
            "slotScopeIds": null,
            "ssContent": null,
            "ssFallback": null,
            "staticCount": 0,
            "suspense": null,
            "target": null,
            "targetAnchor": null,
            "transition": null,
            "type": "div",
          },
          "suspense": null,
          "suspenseId": 0,
          "type": {
            "__file": "/Users/danielerapisarda/projects/serenegrove/components/Switch.vue",
            "__name": "Switch",
            "components": {},
            "emits": [
              "update:modelValue",
            ],
            "props": {
              "id": {
                "default": "",
                "type": [Function],
              },
              "label": {
                "default": "",
                "type": [Function],
              },
              "modelValue": {
                "default": false,
                "type": [Function],
              },
            },
            "render": [Function],
            "setup": [Function],
          },
          "u": null,
          "uid": 1,
          "um": null,
          "update": [Function],
          "vnode": [Circular],
          "withProxy": null,
        },
        "ctx": [Circular],
        "dirs": null,
        "dynamicChildren": null,
        "dynamicProps": null,
        "el": <div
          class="toggle-switch"
        >
          <label
            class="toggle-label"
            for="loremId"
          >
            Lorem Label 
            <input
              class="toggle-input"
              id="loremId"
              type="checkbox"
            />
          </label>
        </div>,
        "key": null,
        "patchFlag": 0,
        "props": {
          "id": "loremId",
          "label": "Lorem Label",
          "modelValue": false,
          "ref": "VTU_COMPONENT",
        },
        "ref": {
          "f": false,
          "i": [Circular],
          "k": undefined,
          "r": "VTU_COMPONENT",
        },
        "scopeId": null,
        "shapeFlag": 4,
        "slotScopeIds": null,
        "ssContent": null,
        "ssFallback": null,
        "staticCount": 0,
        "suspense": null,
        "target": null,
        "targetAnchor": null,
        "transition": null,
        "type": {
          "__file": "/Users/danielerapisarda/projects/serenegrove/components/Switch.vue",
          "__name": "Switch",
          "components": {},
          "emits": [
            "update:modelValue",
          ],
          "props": {
            "id": {
              "default": "",
              "type": [Function],
            },
            "label": {
              "default": "",
              "type": [Function],
            },
            "modelValue": {
              "default": false,
              "type": [Function],
            },
          },
          "render": [Function],
          "setup": [Function],
        },
      },
      "suspense": null,
      "suspenseId": 0,
      "type": {
        "name": "VTU_ROOT",
        "render": [Function],
        "setup": [Function],
      },
      "u": null,
      "uid": 0,
      "um": null,
      "update": [Function],
      "vnode": {
        "__v_isVNode": true,
        "__v_skip": true,
        "anchor": null,
        "appContext": {
          "app": [Circular],
          "components": {
            "transition": {
              "name": "transition",
            },
            "transition-group": {
              "name": "transition-group",
            },
          },
          "config": {
            "compilerOptions": {},
            "errorHandler": undefined,
            "globalProperties": {},
            "isNativeTag": [Function],
            "optionMergeStrategies": {},
            "performance": false,
            "warnHandler": undefined,
          },
          "directives": {},
          "emitsCache": WeakMap {},
          "mixins": [
            {
              "beforeCreate": [Function],
            },
          ],
          "optionsCache": WeakMap {},
          "propsCache": WeakMap {},
          "provides": {},
          "reload": [Function],
        },
        "children": null,
        "component": [Circular],
        "ctx": null,
        "dirs": null,
        "dynamicChildren": null,
        "dynamicProps": null,
        "el": <div
          class="toggle-switch"
        >
          <label
            class="toggle-label"
            for="loremId"
          >
            Lorem Label 
            <input
              class="toggle-input"
              id="loremId"
              type="checkbox"
            />
          </label>
        </div>,
        "key": null,
        "patchFlag": 0,
        "props": null,
        "ref": null,
        "scopeId": null,
        "shapeFlag": 4,
        "slotScopeIds": null,
        "ssContent": null,
        "ssFallback": null,
        "staticCount": 0,
        "suspense": null,
        "target": null,
        "targetAnchor": null,
        "transition": null,
        "type": {
          "name": "VTU_ROOT",
          "render": [Function],
          "setup": [Function],
        },
      },
      "withProxy": null,
    },
    "_props": null,
    "_uid": 0,
    "component": [Function],
    "config": {
      "compilerOptions": {},
      "errorHandler": undefined,
      "globalProperties": {},
      "isNativeTag": [Function],
      "optionMergeStrategies": {},
      "performance": false,
      "warnHandler": undefined,
    },
    "directive": [Function],
    "mixin": [Function],
    "mount": [Function],
    "provide": [Function],
    "runWithContext": [Function],
    "unmount": [Function],
    "use": [Function],
    "version": "3.3.11",
  },
  "__setProps": [Function],
  "cleanUpCallbacks": [
    [Function],
    [Function],
    [Function],
    [Function],
    [Function],
    [Function],
    [Function],
    [Function],
    [Function],
    [Function],
    [Function],
    [Function],
    [Function],
    [Function],
    [Function],
    [Function],
    [Function],
    [Function],
    [Function],
    [Function],
    [Function],
    [Function],
    [Function],
    [Function],
    [Function],
    [Function],
    [Function],
    [Function],
    [Function],
    [Function],
    [Function],
    [Function],
    [Function],
    [Function],
    [Function],
    [Function],
    [Function],
    [Function],
    [Function],
    [Function],
    [Function],
    [Function],
    [Function],
    [Function],
    [Function],
    [Function],
    [Function],
    [Function],
    [Function],
    [Function],
    [Function],
    [Function],
    [Function],
    [Function],
    [Function],
    [Function],
    [Function],
    [Function],
    [Function],
    [Function],
    [Function],
    [Function],
    [Function],
    [Function],
    [Function],
    [Function],
    [Function],
    [Function],
    [Function],
    [Function],
    [Function],
    [Function],
    [Function],
    [Function],
    [Function],
    [Function],
    [Function],
    [Function],
    [Function],
    [Function],
    [Function],
    [Function],
    [Function],
    [Function],
    [Function],
    [Function],
    [Function],
    [Function],
    [Function],
    [Function],
    [Function],
    [Function],
    [Function],
    [Function],
    [Function],
    [Function],
    [Function],
    [Function],
    [Function],
    [Function],
    [Function],
    [Function],
    [Function],
    [Function],
    [Function],
    [Function],
    [Function],
    [Function],
    [Function],
    [Function],
    [Function],
    [Function],
    [Function],
    [Function],
    [Function],
    [Function],
    [Function],
    [Function],
    [Function],
    [Function],
    [Function],
    [Function],
    [Function],
    [Function],
    [Function],
    [Function],
    [Function],
    [Function],
    [Function],
    [Function],
    [Function],
    [Function],
    [Function],
    [Function],
    [Function],
    [Function],
    [Function],
    [Function],
    [Function],
    [Function],
    [Function],
    [Function],
    [Function],
    [Function],
    [Function],
    [Function],
    [Function],
    [Function],
    [Function],
    [Function],
    [Function],
    [Function],
    [Function],
    [Function],
    [Function],
    [Function],
    [Function],
    [Function],
    [Function],
    [Function],
    [Function],
    [Function],
    [Function],
    [Function],
    [Function],
    [Function],
    [Function],
    [Function],
    [Function],
    [Function],
    [Function],
    [Function],
  ],
  "componentVM": {},
  "isDisabled": [Function],
  "rootVM": {
    "VTU_COMPONENT": {},
  },
  "wrapperElement": <div
    class="toggle-switch"
  >
    <label
      class="toggle-label"
      for="loremId"
    >
      Lorem Label 
      <input
        class="toggle-input"
        id="loremId"
        type="checkbox"
      />
    </label>
  </div>,
}
`;
